#-----------------------------------------------------------
# Vivado v2017.1 (64-bit)
# SW Build 1846317 on Fri Apr 14 18:55:03 MDT 2017
# IP Build 1846188 on Fri Apr 14 20:52:08 MDT 2017
# Start of session at: Sat Jul 21 10:02:03 2018
# Process ID: 1456
# Current directory: F:/FPGADSP/vivado/voicechange
# Command line: vivado.exe -gui_launcher_event rodinguilauncherevent996 F:\FPGADSP\vivado\voicechange\voicechange.xpr
# Log file: F:/FPGADSP/vivado/voicechange/vivado.log
# Journal file: F:/FPGADSP/vivado/voicechange\vivado.jou
#-----------------------------------------------------------
start_gui
open_project F:/FPGADSP/vivado/voicechange/voicechange.xpr
update_compile_order -fileset sources_1
reset_run DCM_PLL_synth_1
reset_run synth_1
launch_runs synth_1
wait_on_run synth_1
update_compile_order -fileset sources_1
reset_run InOutBuffer_synth_1
reset_run synth_1
launch_runs synth_1
wait_on_run synth_1
remove_files  F:/FPGADSP/FPGADSP/voice_top.v
reset_run synth_1
launch_runs synth_1
wait_on_run synth_1
reset_run synth_1
launch_runs synth_1
wait_on_run synth_1
reset_run synth_1
launch_runs synth_1
wait_on_run synth_1
launch_runs impl_1
wait_on_run impl_1
open_run impl_1
launch_runs impl_1 -to_step write_bitstream
wait_on_run impl_1
open_hw
connect_hw_server
open_hw_target
set_property PROGRAM.FILE {F:/FPGADSP/vivado/voicechange/voicechange.runs/impl_1/deal_voice.bit} [get_hw_devices xc7a200t_0]
current_hw_device [get_hw_devices xc7a200t_0]
refresh_hw_device -update_hw_probes false [lindex [get_hw_devices xc7a200t_0] 0]
set_property PROBES.FILE {} [get_hw_devices xc7a200t_0]
set_property FULL_PROBES.FILE {} [get_hw_devices xc7a200t_0]
set_property PROGRAM.FILE {F:/FPGADSP/vivado/voicechange/voicechange.runs/impl_1/deal_voice.bit} [get_hw_devices xc7a200t_0]
program_hw_devices [get_hw_devices xc7a200t_0]
refresh_hw_device [lindex [get_hw_devices xc7a200t_0] 0]
